Current directory: /Users/kingwang/SynologyDrive/ownCloud/ModelRun/python-wgs/Stigmergy-update1
Dataset split preset: 50_50 | train=0.50, test=0.50
Loading derived dataset from /Users/kingwang/SynologyDrive/ownCloud/ModelRun/python-wgs/Stigmergy-update1/input/derived_waveform_features.xlsx
Derived dataset filter: kept 82346 rows and dropped 396 rows where rr_problem_flag != 'ok'
Loaded derived dataset with shape (82346, 39)
Beat classes available: ['F', 'N', 'S', 'V']
Beat class counts: {'F': 799, 'N': 74796, 'S': 2, 'V': 6749}
TIMER [data_loading]: 9.287 seconds
Stage 1 total sample sizes: {'Normal': 74796, 'Abnormal': 7550, 'Total': 82346}
Data shape: (82346, 39) | Standardized feature space: (82346, 39) | Reduced visualization: (82346, 2)
TIMER [preprocessing]: 0.012 seconds
Stage 1 Train/Test category sample sizes: {'Train': {'Normal': 37398, 'Abnormal': 3775, 'Total': 41173}, 'Test': {'Normal': 37398, 'Abnormal': 3775, 'Total': 41173}}
Start Stage 1 model training: Normal vs Abnormal...
Running termite-inspired stigmergy training...
Iter   0 | Normal pheromone: 12.2415 | Abnormal pheromone: 12.2416
Iter  50 | Normal pheromone: 410.6015 | Abnormal pheromone: 410.7842
Iter 100 | Normal pheromone: 571.1774 | Abnormal pheromone: 571.4938
Iter 150 | Normal pheromone: 635.9233 | Abnormal pheromone: 636.2997
Iter 200 | Normal pheromone: 662.0321 | Abnormal pheromone: 662.4326
Iter 250 | Normal pheromone: 672.5604 | Abnormal pheromone: 672.9705
TIMER [model_training]: 465.938 seconds

=== Training Metrics ===
Accuracy: 1.000
Precision (abnormal class): 1.000
Recall (abnormal class): 1.000
F1-score (abnormal class): 1.000
Cohen's Kappa: 1.000
AUROC: 1.000
Confusion Matrix:
[[37398     0]
 [    0  3775]]

=== Testing Metrics ===
Accuracy: 0.992
Precision (abnormal class): 0.981
Recall (abnormal class): 0.928
F1-score (abnormal class): 0.954
Cohen's Kappa: 0.949
AUROC: 0.982
Confusion Matrix:
[[37330    68]
 [  271  3504]]

=== Training vs Testing Summary ===
accuracy: training=1.000, testing=0.992
precision: training=1.000, testing=0.981
recall: training=1.000, testing=0.928
f1: training=1.000, testing=0.954
kappa: training=1.000, testing=0.949
auroc: training=1.000, testing=0.982
Saved visualization to /Users/kingwang/SynologyDrive/ownCloud/ModelRun/python-wgs/Stigmergy-update1/output-stigmergy-two-stage-derived/stigmergy_clustering.pdf
Saved AUROC plot to /Users/kingwang/SynologyDrive/ownCloud/ModelRun/python-wgs/Stigmergy-update1/output-stigmergy-two-stage-derived/stigmergy_auroc.pdf
Saved metrics comparison plot to /Users/kingwang/SynologyDrive/ownCloud/ModelRun/python-wgs/Stigmergy-update1/output-stigmergy-two-stage-derived/stigmergy_metrics_comparison.pdf
Saved precision-recall plot to /Users/kingwang/SynologyDrive/ownCloud/ModelRun/python-wgs/Stigmergy-update1/output-stigmergy-two-stage-derived/stigmergy_precision_recall.pdf
Saved swarm-feature distribution figure to /Users/kingwang/SynologyDrive/ownCloud/ModelRun/python-wgs/Stigmergy-update1/output-stigmergy-two-stage-derived/stigmergy_swarm_feature_distribution.pdf
Saved confusion matrix figure to /Users/kingwang/SynologyDrive/ownCloud/ModelRun/python-wgs/Stigmergy-update1/output-stigmergy-two-stage-derived/stigmergy_confusion_matrices.pdf
Saved predictions to /Users/kingwang/SynologyDrive/ownCloud/ModelRun/python-wgs/Stigmergy-update1/output-stigmergy-two-stage-derived/stigmergy_predictions.xlsx

Start Stage 2 model training: Abnormal subtype V vs F...
Stage 2 total sample sizes: {'V': 6749, 'F': 799, 'S': 2}
Stage 2 total sample sizes for classification: {'V': 6749, 'F': 799} (Total V + F: 7548)
Ignoring 2 S beats in Stage 2 subtype training.
Stage 2 Train/Test category sample sizes: {'Train': {'V': 3374, 'F': 400, 'S': 0, 'Total': 3774}, 'Test': {'V': 3375, 'F': 399, 'S': 0, 'Total': 3774}}
Running termite-inspired stigmergy training...
Iter   0 | Normal pheromone: 1.1044 | Abnormal pheromone: 1.1044
Iter  50 | Normal pheromone: 37.0594 | Abnormal pheromone: 37.0600
Iter 100 | Normal pheromone: 51.5576 | Abnormal pheromone: 51.5592
Iter 150 | Normal pheromone: 57.4040 | Abnormal pheromone: 57.4060
Iter 200 | Normal pheromone: 59.7615 | Abnormal pheromone: 59.7637
Iter 250 | Normal pheromone: 60.7122 | Abnormal pheromone: 60.7145

=== Stage 2 Training (V vs F) Metrics ===
Accuracy: 1.000
Precision (abnormal class): 1.000
Recall (abnormal class): 1.000
F1-score (abnormal class): 1.000
Cohen's Kappa: 1.000
AUROC: 1.000
Confusion Matrix:
[[3374    0]
 [   0  400]]

=== Stage 2 Testing (V vs F) Metrics ===
Accuracy: 0.975
Precision (abnormal class): 0.898
Recall (abnormal class): 0.865
F1-score (abnormal class): 0.881
Cohen's Kappa: 0.867
AUROC: 0.967
Confusion Matrix:
[[3336   39]
 [  54  345]]
Saved abnormal subtype metrics comparison plot to /Users/kingwang/SynologyDrive/ownCloud/ModelRun/python-wgs/Stigmergy-update1/output-stigmergy-two-stage-derived/abnormal_subtype_metrics_comparison.pdf
Saved Stage 2 subtype metrics and predictions.
TIMER [overall]: 523.565 seconds

=== Timing Summary ===
overall: 523.565 seconds
data_loading: 9.287 seconds
preprocessing: 0.012 seconds
model_training: 465.938 seconds
